[0.390s] DEBUG:colcon:Command line arguments: ['/home/tianbot/.ros2/bin/colcon', 'build']
[0.390s] DEBUG:colcon:Parsed command line arguments: Namespace(ament_cmake_args=None, base_paths=['.'], build_base='build', catkin_cmake_args=None, catkin_skip_building_tests=False, cmake_args=None, cmake_clean_cache=False, cmake_clean_first=False, cmake_force_configure=False, cmake_target=None, cmake_target_skip_unavailable=False, continue_on_error=False, event_handlers=None, executor='parallel', ignore_user_meta=False, install_base='install', log_base=None, log_level=None, main=<bound method BuildVerb.main of <colcon_core.verb.build.BuildVerb object at 0x72c837699910>>, merge_install=False, metas=['./colcon.meta'], packages_above=None, packages_above_and_dependencies=None, packages_above_depth=None, packages_end=None, packages_ignore=None, packages_ignore_regex=None, packages_select=None, packages_select_build_failed=False, packages_select_by_dep=None, packages_select_regex=None, packages_select_test_failures=False, packages_skip=None, packages_skip_build_finished=False, packages_skip_by_dep=None, packages_skip_regex=None, packages_skip_test_passed=False, packages_skip_up_to=None, packages_start=None, packages_up_to=None, packages_up_to_regex=None, parallel_workers=12, paths=None, symlink_install=False, test_result_base=None, verb_extension=<colcon_core.verb.build.BuildVerb object at 0x72c837699910>, verb_name='build', verb_parser=<colcon_defaults.argument_parser.defaults.DefaultArgumentsDecorator object at 0x72c837699e80>)
[0.415s] Level 1:colcon.colcon_core.package_discovery:discover_packages(colcon_meta) check parameters
[0.415s] Level 1:colcon.colcon_core.package_discovery:discover_packages(recursive) check parameters
[0.415s] Level 1:colcon.colcon_core.package_discovery:discover_packages(ignore) check parameters
[0.415s] Level 1:colcon.colcon_core.package_discovery:discover_packages(path) check parameters
[0.415s] Level 1:colcon.colcon_core.package_discovery:discover_packages(colcon_meta) discover
[0.415s] Level 1:colcon.colcon_core.package_discovery:discover_packages(recursive) discover
[0.415s] INFO:colcon.colcon_core.package_discovery:Crawling recursively for packages in '/home/tianbot/dla_ros2_ws/src/my_robot_controller'
[0.415s] Level 1:colcon.colcon_core.package_identification:_identify(.) by extensions ['ignore', 'ignore_ament_install']
[0.415s] Level 1:colcon.colcon_core.package_identification:_identify(.) by extension 'ignore'
[0.415s] Level 1:colcon.colcon_core.package_identification:_identify(.) by extension 'ignore_ament_install'
[0.415s] Level 1:colcon.colcon_core.package_identification:_identify(.) by extensions ['colcon_pkg']
[0.415s] Level 1:colcon.colcon_core.package_identification:_identify(.) by extension 'colcon_pkg'
[0.415s] Level 1:colcon.colcon_core.package_identification:_identify(.) by extensions ['colcon_meta']
[0.415s] Level 1:colcon.colcon_core.package_identification:_identify(.) by extension 'colcon_meta'
[0.415s] Level 1:colcon.colcon_core.package_identification:_identify(.) by extensions ['ros']
[0.415s] Level 1:colcon.colcon_core.package_identification:_identify(.) by extension 'ros'
[0.433s] DEBUG:colcon.colcon_core.package_identification:Package '.' with type 'ros.ament_python' and name 'my_robot_controller'
[0.433s] Level 1:colcon.colcon_core.package_discovery:discover_packages(recursive) using defaults
[0.433s] Level 1:colcon.colcon_core.package_discovery:discover_packages(ignore) discover
[0.433s] Level 1:colcon.colcon_core.package_discovery:discover_packages(ignore) using defaults
[0.433s] Level 1:colcon.colcon_core.package_discovery:discover_packages(path) discover
[0.433s] Level 1:colcon.colcon_core.package_discovery:discover_packages(path) using defaults
[0.463s] Level 5:colcon.colcon_core.verb:set package 'my_robot_controller' build argument 'cmake_args' from command line to 'None'
[0.464s] Level 5:colcon.colcon_core.verb:set package 'my_robot_controller' build argument 'cmake_target' from command line to 'None'
[0.464s] Level 5:colcon.colcon_core.verb:set package 'my_robot_controller' build argument 'cmake_target_skip_unavailable' from command line to 'False'
[0.464s] Level 5:colcon.colcon_core.verb:set package 'my_robot_controller' build argument 'cmake_clean_cache' from command line to 'False'
[0.464s] Level 5:colcon.colcon_core.verb:set package 'my_robot_controller' build argument 'cmake_clean_first' from command line to 'False'
[0.464s] Level 5:colcon.colcon_core.verb:set package 'my_robot_controller' build argument 'cmake_force_configure' from command line to 'False'
[0.464s] Level 5:colcon.colcon_core.verb:set package 'my_robot_controller' build argument 'ament_cmake_args' from command line to 'None'
[0.464s] Level 5:colcon.colcon_core.verb:set package 'my_robot_controller' build argument 'catkin_cmake_args' from command line to 'None'
[0.464s] Level 5:colcon.colcon_core.verb:set package 'my_robot_controller' build argument 'catkin_skip_building_tests' from command line to 'False'
[0.464s] DEBUG:colcon.colcon_core.verb:Building package 'my_robot_controller' with the following arguments: {'ament_cmake_args': None, 'build_base': '/home/tianbot/dla_ros2_ws/src/my_robot_controller/build/my_robot_controller', 'catkin_cmake_args': None, 'catkin_skip_building_tests': False, 'cmake_args': None, 'cmake_clean_cache': False, 'cmake_clean_first': False, 'cmake_force_configure': False, 'cmake_target': None, 'cmake_target_skip_unavailable': False, 'install_base': '/home/tianbot/dla_ros2_ws/src/my_robot_controller/install/my_robot_controller', 'merge_install': False, 'path': '/home/tianbot/dla_ros2_ws/src/my_robot_controller', 'symlink_install': False, 'test_result_base': None}
[0.465s] INFO:colcon.colcon_core.executor:Executing jobs using 'parallel' executor
[0.475s] DEBUG:colcon.colcon_parallel_executor.executor.parallel:run_until_complete
[0.475s] INFO:colcon.colcon_ros.task.ament_python.build:Building ROS package in '/home/tianbot/dla_ros2_ws/src/my_robot_controller' with build type 'ament_python'
[0.476s] Level 1:colcon.colcon_core.shell:create_environment_hook('my_robot_controller', 'ament_prefix_path')
[0.482s] INFO:colcon.colcon_core.plugin_system:Skipping extension 'colcon_core.shell.bat': Not used on non-Windows systems
[0.482s] INFO:colcon.colcon_core.shell:Creating environment hook '/home/tianbot/dla_ros2_ws/src/my_robot_controller/install/my_robot_controller/share/my_robot_controller/hook/ament_prefix_path.ps1'
[0.483s] INFO:colcon.colcon_core.shell:Creating environment descriptor '/home/tianbot/dla_ros2_ws/src/my_robot_controller/install/my_robot_controller/share/my_robot_controller/hook/ament_prefix_path.dsv'
[0.483s] INFO:colcon.colcon_core.shell:Creating environment hook '/home/tianbot/dla_ros2_ws/src/my_robot_controller/install/my_robot_controller/share/my_robot_controller/hook/ament_prefix_path.sh'
[0.487s] INFO:colcon.colcon_core.shell:Skip shell extension 'powershell' for command environment: Not usable outside of PowerShell
[0.487s] DEBUG:colcon.colcon_core.shell:Skip shell extension 'dsv' for command environment
[0.695s] INFO:colcon.colcon_core.task.python.build:Building Python package in '/home/tianbot/dla_ros2_ws/src/my_robot_controller'
[0.699s] INFO:colcon.colcon_core.shell:Skip shell extension 'powershell' for command environment: Not usable outside of PowerShell
[0.699s] DEBUG:colcon.colcon_core.shell:Skip shell extension 'dsv' for command environment
[0.993s] DEBUG:colcon.colcon_core.event_handler.log_command:Invoking command in '/home/tianbot/dla_ros2_ws/src/my_robot_controller': PS1=${debian_chroot:+($debian_chroot)}\u@\h:\w\$ PYTHONPATH=/home/tianbot/dla_ros2_ws/src/my_robot_controller/build/my_robot_controller/prefix_override:/home/tianbot/dla_ros2_ws/src/my_robot_controller/install/my_robot_controller/lib/python3.8/site-packages:${PYTHONPATH} /home/tianbot/.ros2/bin/python setup.py egg_info --egg-base build/my_robot_controller build --build-base /home/tianbot/dla_ros2_ws/src/my_robot_controller/build/my_robot_controller/build install --record /home/tianbot/dla_ros2_ws/src/my_robot_controller/build/my_robot_controller/install.log --single-version-externally-managed
[1.227s] DEBUG:colcon.colcon_core.event_handler.log_command:Invoked command in '/home/tianbot/dla_ros2_ws/src/my_robot_controller' returned '0': PS1=${debian_chroot:+($debian_chroot)}\u@\h:\w\$ PYTHONPATH=/home/tianbot/dla_ros2_ws/src/my_robot_controller/build/my_robot_controller/prefix_override:/home/tianbot/dla_ros2_ws/src/my_robot_controller/install/my_robot_controller/lib/python3.8/site-packages:${PYTHONPATH} /home/tianbot/.ros2/bin/python setup.py egg_info --egg-base build/my_robot_controller build --build-base /home/tianbot/dla_ros2_ws/src/my_robot_controller/build/my_robot_controller/build install --record /home/tianbot/dla_ros2_ws/src/my_robot_controller/build/my_robot_controller/install.log --single-version-externally-managed
[1.233s] Level 1:colcon.colcon_core.environment:checking '/home/tianbot/dla_ros2_ws/src/my_robot_controller/install/my_robot_controller' for CMake module files
[1.233s] Level 1:colcon.colcon_core.environment:checking '/home/tianbot/dla_ros2_ws/src/my_robot_controller/install/my_robot_controller' for CMake config files
[1.234s] Level 1:colcon.colcon_core.environment:checking '/home/tianbot/dla_ros2_ws/src/my_robot_controller/install/my_robot_controller/lib'
[1.234s] Level 1:colcon.colcon_core.environment:checking '/home/tianbot/dla_ros2_ws/src/my_robot_controller/install/my_robot_controller/bin'
[1.234s] Level 1:colcon.colcon_core.environment:checking '/home/tianbot/dla_ros2_ws/src/my_robot_controller/install/my_robot_controller/lib/pkgconfig/my_robot_controller.pc'
[1.234s] Level 1:colcon.colcon_core.environment:checking '/home/tianbot/dla_ros2_ws/src/my_robot_controller/install/my_robot_controller/lib/python3.8/site-packages'
[1.234s] Level 1:colcon.colcon_core.shell:create_environment_hook('my_robot_controller', 'pythonpath')
[1.238s] INFO:colcon.colcon_core.shell:Creating environment hook '/home/tianbot/dla_ros2_ws/src/my_robot_controller/install/my_robot_controller/share/my_robot_controller/hook/pythonpath.ps1'
[1.238s] INFO:colcon.colcon_core.shell:Creating environment descriptor '/home/tianbot/dla_ros2_ws/src/my_robot_controller/install/my_robot_controller/share/my_robot_controller/hook/pythonpath.dsv'
[1.238s] INFO:colcon.colcon_core.shell:Creating environment hook '/home/tianbot/dla_ros2_ws/src/my_robot_controller/install/my_robot_controller/share/my_robot_controller/hook/pythonpath.sh'
[1.239s] Level 1:colcon.colcon_core.environment:checking '/home/tianbot/dla_ros2_ws/src/my_robot_controller/install/my_robot_controller/bin'
[1.239s] Level 1:colcon.colcon_core.environment:create_environment_scripts_only(my_robot_controller)
[1.243s] INFO:colcon.colcon_core.shell:Creating package script '/home/tianbot/dla_ros2_ws/src/my_robot_controller/install/my_robot_controller/share/my_robot_controller/package.ps1'
[1.243s] INFO:colcon.colcon_core.shell:Creating package descriptor '/home/tianbot/dla_ros2_ws/src/my_robot_controller/install/my_robot_controller/share/my_robot_controller/package.dsv'
[1.244s] INFO:colcon.colcon_core.shell:Creating package script '/home/tianbot/dla_ros2_ws/src/my_robot_controller/install/my_robot_controller/share/my_robot_controller/package.sh'
[1.244s] INFO:colcon.colcon_core.shell:Creating package script '/home/tianbot/dla_ros2_ws/src/my_robot_controller/install/my_robot_controller/share/my_robot_controller/package.bash'
[1.245s] INFO:colcon.colcon_core.shell:Creating package script '/home/tianbot/dla_ros2_ws/src/my_robot_controller/install/my_robot_controller/share/my_robot_controller/package.zsh'
[1.245s] Level 1:colcon.colcon_core.environment:create_file_with_runtime_dependencies(/home/tianbot/dla_ros2_ws/src/my_robot_controller/install/my_robot_controller/share/colcon-core/packages/my_robot_controller)
[1.245s] DEBUG:colcon.colcon_parallel_executor.executor.parallel:closing loop
[1.246s] DEBUG:colcon.colcon_parallel_executor.executor.parallel:loop closed
[1.246s] DEBUG:colcon.colcon_parallel_executor.executor.parallel:run_until_complete finished with '0'
[1.246s] DEBUG:colcon.colcon_core.event_reactor:joining thread
[1.250s] INFO:colcon.colcon_core.plugin_system:Skipping extension 'colcon_notification.desktop_notification.notify2': 'notify2' not found
[1.250s] INFO:colcon.colcon_core.plugin_system:Skipping extension 'colcon_notification.desktop_notification.terminal_notifier': Not used on non-Darwin systems
[1.250s] INFO:colcon.colcon_core.plugin_system:Skipping extension 'colcon_notification.desktop_notification.win32': Not used on non-Windows systems
[1.250s] INFO:colcon.colcon_notification.desktop_notification:Sending desktop notification using 'notify_send'
[1.269s] DEBUG:colcon.colcon_core.event_reactor:joined thread
[1.274s] INFO:colcon.colcon_core.shell:Creating prefix script '/home/tianbot/dla_ros2_ws/src/my_robot_controller/install/local_setup.ps1'
[1.275s] INFO:colcon.colcon_core.shell:Creating prefix util module '/home/tianbot/dla_ros2_ws/src/my_robot_controller/install/_local_setup_util_ps1.py'
[1.276s] INFO:colcon.colcon_core.shell:Creating prefix chain script '/home/tianbot/dla_ros2_ws/src/my_robot_controller/install/setup.ps1'
[1.280s] INFO:colcon.colcon_core.shell:Creating prefix script '/home/tianbot/dla_ros2_ws/src/my_robot_controller/install/local_setup.sh'
[1.280s] INFO:colcon.colcon_core.shell:Creating prefix util module '/home/tianbot/dla_ros2_ws/src/my_robot_controller/install/_local_setup_util_sh.py'
[1.280s] INFO:colcon.colcon_core.shell:Creating prefix chain script '/home/tianbot/dla_ros2_ws/src/my_robot_controller/install/setup.sh'
[1.285s] INFO:colcon.colcon_core.shell:Creating prefix script '/home/tianbot/dla_ros2_ws/src/my_robot_controller/install/local_setup.bash'
[1.285s] INFO:colcon.colcon_core.shell:Creating prefix chain script '/home/tianbot/dla_ros2_ws/src/my_robot_controller/install/setup.bash'
[1.289s] INFO:colcon.colcon_core.shell:Creating prefix script '/home/tianbot/dla_ros2_ws/src/my_robot_controller/install/local_setup.zsh'
[1.290s] INFO:colcon.colcon_core.shell:Creating prefix chain script '/home/tianbot/dla_ros2_ws/src/my_robot_controller/install/setup.zsh'
