[0.503s] Invoking command in '/home/tianbot/dla_ros2_ws/src/my_robot_controller': PS1=${debian_chroot:+($debian_chroot)}\u@\h:\w\$ PYTHONPATH=/home/tianbot/dla_ros2_ws/src/my_robot_controller/build/my_robot_controller/prefix_override:/home/tianbot/dla_ros2_ws/src/my_robot_controller/install/my_robot_controller/lib/python3.8/site-packages:${PYTHONPATH} /home/tianbot/.ros2/bin/python setup.py egg_info --egg-base build/my_robot_controller build --build-base /home/tianbot/dla_ros2_ws/src/my_robot_controller/build/my_robot_controller/build install --record /home/tianbot/dla_ros2_ws/src/my_robot_controller/build/my_robot_controller/install.log --single-version-externally-managed
[0.669s] running egg_info
[0.670s] writing build/my_robot_controller/my_robot_controller.egg-info/PKG-INFO
[0.670s] writing dependency_links to build/my_robot_controller/my_robot_controller.egg-info/dependency_links.txt
[0.670s] writing entry points to build/my_robot_controller/my_robot_controller.egg-info/entry_points.txt
[0.670s] writing requirements to build/my_robot_controller/my_robot_controller.egg-info/requires.txt
[0.670s] writing top-level names to build/my_robot_controller/my_robot_controller.egg-info/top_level.txt
[0.696s] reading manifest file 'build/my_robot_controller/my_robot_controller.egg-info/SOURCES.txt'
[0.697s] writing manifest file 'build/my_robot_controller/my_robot_controller.egg-info/SOURCES.txt'
[0.697s] running build
[0.697s] running build_py
[0.697s] copying my_robot_controller/my_first_node.py -> /home/tianbot/dla_ros2_ws/src/my_robot_controller/build/my_robot_controller/build/lib/my_robot_controller
[0.697s] running install
[0.698s] running install_lib
[0.698s] copying /home/tianbot/dla_ros2_ws/src/my_robot_controller/build/my_robot_controller/build/lib/my_robot_controller/my_first_node.py -> /home/tianbot/dla_ros2_ws/src/my_robot_controller/install/my_robot_controller/lib/python3.8/site-packages/my_robot_controller
[0.699s] byte-compiling /home/tianbot/dla_ros2_ws/src/my_robot_controller/install/my_robot_controller/lib/python3.8/site-packages/my_robot_controller/my_first_node.py to my_first_node.cpython-38.pyc
[0.700s] running install_data
[0.700s] running install_egg_info
[0.701s] removing '/home/tianbot/dla_ros2_ws/src/my_robot_controller/install/my_robot_controller/lib/python3.8/site-packages/my_robot_controller-0.0.0-py3.8.egg-info' (and everything under it)
[0.702s] Copying build/my_robot_controller/my_robot_controller.egg-info to /home/tianbot/dla_ros2_ws/src/my_robot_controller/install/my_robot_controller/lib/python3.8/site-packages/my_robot_controller-0.0.0-py3.8.egg-info
[0.703s] running install_scripts
[0.715s] Installing test_node_name script to /home/tianbot/dla_ros2_ws/src/my_robot_controller/install/my_robot_controller/lib/my_robot_controller
[0.715s] writing list of installed files to '/home/tianbot/dla_ros2_ws/src/my_robot_controller/build/my_robot_controller/install.log'
[0.735s] Invoked command in '/home/tianbot/dla_ros2_ws/src/my_robot_controller' returned '0': PS1=${debian_chroot:+($debian_chroot)}\u@\h:\w\$ PYTHONPATH=/home/tianbot/dla_ros2_ws/src/my_robot_controller/build/my_robot_controller/prefix_override:/home/tianbot/dla_ros2_ws/src/my_robot_controller/install/my_robot_controller/lib/python3.8/site-packages:${PYTHONPATH} /home/tianbot/.ros2/bin/python setup.py egg_info --egg-base build/my_robot_controller build --build-base /home/tianbot/dla_ros2_ws/src/my_robot_controller/build/my_robot_controller/build install --record /home/tianbot/dla_ros2_ws/src/my_robot_controller/build/my_robot_controller/install.log --single-version-externally-managed
